Archive member included because of file (symbol)

c:/winavr/bin/../lib/gcc/avr/4.3.0/avr4\libgcc.a(_mulsi3.o)
                              rc5.o (__mulsi3)
c:/winavr/bin/../lib/gcc/avr/4.3.0/avr4\libgcc.a(_divmodsi4.o)
                              rc5.o (__divmodsi4)
c:/winavr/bin/../lib/gcc/avr/4.3.0/avr4\libgcc.a(_exit.o)
                              c:/winavr/bin/../lib/gcc/avr/4.3.0/../../../../avr/lib/avr4/crtm8.o (exit)
c:/winavr/bin/../lib/gcc/avr/4.3.0/avr4\libgcc.a(_copy_data.o)
                              rc5.o (__do_copy_data)
c:/winavr/bin/../lib/gcc/avr/4.3.0/avr4\libgcc.a(_clear_bss.o)
                              rc5.o (__do_clear_bss)
c:/winavr/bin/../lib/gcc/avr/4.3.0/avr4\libgcc.a(_udivmodsi4.o)
                              c:/winavr/bin/../lib/gcc/avr/4.3.0/avr4\libgcc.a(_divmodsi4.o) (__udivmodsi4)
c:/winavr/bin/../lib/gcc/avr/4.3.0/../../../../avr/lib/avr4\libc.a(dtostre.o)
                              rc5.o (dtostre)
c:/winavr/bin/../lib/gcc/avr/4.3.0/../../../../avr/lib/avr4\libc.a(ftoa_engine.o)
                              c:/winavr/bin/../lib/gcc/avr/4.3.0/../../../../avr/lib/avr4\libc.a(dtostre.o) (__ftoa_engine)
c:/winavr/bin/../lib/gcc/avr/4.3.0/../../../../avr/lib/avr4\libc.a(strcpy_P.o)
                              c:/winavr/bin/../lib/gcc/avr/4.3.0/../../../../avr/lib/avr4\libc.a(dtostre.o) (strcpy_P)
c:/winavr/bin/../lib/gcc/avr/4.3.0/../../../../avr/lib/avr4\libc.a(itoa.o)
                              rc5.o (itoa)
c:/winavr/bin/../lib/gcc/avr/4.3.0/../../../../avr/lib/avr4\libc.a(strrev.o)
                              c:/winavr/bin/../lib/gcc/avr/4.3.0/../../../../avr/lib/avr4\libc.a(itoa.o) (strrev)
c:/winavr/bin/../lib/gcc/avr/4.3.0/avr4\libgcc.a(_udivmodhi4.o)
                              c:/winavr/bin/../lib/gcc/avr/4.3.0/../../../../avr/lib/avr4\libc.a(itoa.o) (__udivmodhi4)
c:/winavr/bin/../lib/gcc/avr/4.3.0/avr4\libgcc.a(_prologue.o)
                              c:/winavr/bin/../lib/gcc/avr/4.3.0/../../../../avr/lib/avr4\libc.a(dtostre.o) (__prologue_saves__)
c:/winavr/bin/../lib/gcc/avr/4.3.0/avr4\libgcc.a(_epilogue.o)
                              c:/winavr/bin/../lib/gcc/avr/4.3.0/../../../../avr/lib/avr4\libc.a(dtostre.o) (__epilogue_restores__)

Memory Configuration

Name             Origin             Length             Attributes
text             0x00000000         0x00002000         xr
data             0x00800060         0x0000ffa0         rw !x
eeprom           0x00810000         0x00010000         rw !x
fuse             0x00820000         0x00000400         rw !x
lock             0x00830000         0x00000400         rw !x
signature        0x00840000         0x00000400         rw !x
*default*        0x00000000         0xffffffff

Linker script and memory map

LOAD c:/winavr/bin/../lib/gcc/avr/4.3.0/../../../../avr/lib/avr4/crtm8.o
LOAD rc5.o
LOAD c:/winavr/bin/../lib/gcc/avr/4.3.0/avr4\libgcc.a
LOAD c:/winavr/bin/../lib/gcc/avr/4.3.0/../../../../avr/lib/avr4\libc.a
LOAD c:/winavr/bin/../lib/gcc/avr/4.3.0/avr4\libgcc.a

.hash
 *(.hash)

.dynsym
 *(.dynsym)

.dynstr
 *(.dynstr)

.gnu.version
 *(.gnu.version)

.gnu.version_d
 *(.gnu.version_d)

.gnu.version_r
 *(.gnu.version_r)

.rel.init
 *(.rel.init)

.rela.init
 *(.rela.init)

.rel.text
 *(.rel.text)
 *(.rel.text.*)
 *(.rel.gnu.linkonce.t*)

.rela.text
 *(.rela.text)
 *(.rela.text.*)
 *(.rela.gnu.linkonce.t*)

.rel.fini
 *(.rel.fini)

.rela.fini
 *(.rela.fini)

.rel.rodata
 *(.rel.rodata)
 *(.rel.rodata.*)
 *(.rel.gnu.linkonce.r*)

.rela.rodata
 *(.rela.rodata)
 *(.rela.rodata.*)
 *(.rela.gnu.linkonce.r*)

.rel.data
 *(.rel.data)
 *(.rel.data.*)
 *(.rel.gnu.linkonce.d*)

.rela.data
 *(.rela.data)
 *(.rela.data.*)
 *(.rela.gnu.linkonce.d*)

.rel.ctors
 *(.rel.ctors)

.rela.ctors
 *(.rela.ctors)

.rel.dtors
 *(.rel.dtors)

.rela.dtors
 *(.rela.dtors)

.rel.got
 *(.rel.got)

.rela.got
 *(.rela.got)

.rel.bss
 *(.rel.bss)

.rela.bss
 *(.rela.bss)

.rel.plt
 *(.rel.plt)

.rela.plt
 *(.rela.plt)

.text           0x00000000      0xa30
 *(.vectors)
 .vectors       0x00000000       0x26 c:/winavr/bin/../lib/gcc/avr/4.3.0/../../../../avr/lib/avr4/crtm8.o
                0x00000000                __vectors
                0x00000000                __vector_default
 *(.vectors)
 *(.progmem.gcc*)
 *(.progmem*)
 .progmem.data  0x00000026       0x10 c:/winavr/bin/../lib/gcc/avr/4.3.0/../../../../avr/lib/avr4\libc.a(dtostre.o)
 .progmem.data  0x00000036       0xfa c:/winavr/bin/../lib/gcc/avr/4.3.0/../../../../avr/lib/avr4\libc.a(ftoa_engine.o)
                0x00000130                . = ALIGN (0x2)
                0x00000130                __trampolines_start = .
 *(.trampolines)
 .trampolines   0x00000130        0x0 linker stubs
 *(.trampolines*)
                0x00000130                __trampolines_end = .
 *(.jumptables)
 *(.jumptables*)
 *(.lowtext)
 *(.lowtext*)
                0x00000130                __ctors_start = .
 *(.ctors)
                0x00000130                __ctors_end = .
                0x00000130                __dtors_start = .
 *(.dtors)
                0x00000130                __dtors_end = .
 SORT(*)(.ctors)
 SORT(*)(.dtors)
 *(.init0)
 .init0         0x00000130        0x0 c:/winavr/bin/../lib/gcc/avr/4.3.0/../../../../avr/lib/avr4/crtm8.o
                0x00000130                __init
 *(.init0)
 *(.init1)
 *(.init1)
 *(.init2)
 .init2         0x00000130        0xc c:/winavr/bin/../lib/gcc/avr/4.3.0/../../../../avr/lib/avr4/crtm8.o
 *(.init2)
 *(.init3)
 *(.init3)
 *(.init4)
 .init4         0x0000013c       0x16 c:/winavr/bin/../lib/gcc/avr/4.3.0/avr4\libgcc.a(_copy_data.o)
                0x0000013c                __do_copy_data
 .init4         0x00000152       0x10 c:/winavr/bin/../lib/gcc/avr/4.3.0/avr4\libgcc.a(_clear_bss.o)
                0x00000152                __do_clear_bss
 *(.init4)
 *(.init5)
 *(.init5)
 *(.init6)
 *(.init6)
 *(.init7)
 *(.init7)
 *(.init8)
 *(.init8)
 *(.init9)
 .init9         0x00000162        0x4 c:/winavr/bin/../lib/gcc/avr/4.3.0/../../../../avr/lib/avr4/crtm8.o
 *(.init9)
 *(.text)
 .text          0x00000166        0x2 c:/winavr/bin/../lib/gcc/avr/4.3.0/../../../../avr/lib/avr4/crtm8.o
                0x00000166                __vector_1
                0x00000166                __vector_12
                0x00000166                __bad_interrupt
                0x00000166                __vector_6
                0x00000166                __vector_3
                0x00000166                __vector_11
                0x00000166                __vector_13
                0x00000166                __vector_17
                0x00000166                __vector_7
                0x00000166                __vector_5
                0x00000166                __vector_4
                0x00000166                __vector_9
                0x00000166                __vector_2
                0x00000166                __vector_15
                0x00000166                __vector_8
                0x00000166                __vector_14
                0x00000166                __vector_10
                0x00000166                __vector_16
                0x00000166                __vector_18
 .text          0x00000168      0x456 rc5.o
                0x0000041c                SendInt
                0x0000038c                CustChar
                0x000003be                SendFloat
                0x000002b8                InitLCD
                0x00000474                main
                0x00000338                SendLong
                0x000002b0                SendCommand
                0x00000304                SendString
                0x00000168                sprintl
 .text          0x000005be        0x0 c:/winavr/bin/../lib/gcc/avr/4.3.0/avr4\libgcc.a(_mulsi3.o)
 .text          0x000005be        0x0 c:/winavr/bin/../lib/gcc/avr/4.3.0/avr4\libgcc.a(_divmodsi4.o)
 .text          0x000005be        0x0 c:/winavr/bin/../lib/gcc/avr/4.3.0/avr4\libgcc.a(_exit.o)
 .text          0x000005be        0x0 c:/winavr/bin/../lib/gcc/avr/4.3.0/avr4\libgcc.a(_copy_data.o)
 .text          0x000005be        0x0 c:/winavr/bin/../lib/gcc/avr/4.3.0/avr4\libgcc.a(_clear_bss.o)
 .text          0x000005be        0x0 c:/winavr/bin/../lib/gcc/avr/4.3.0/avr4\libgcc.a(_udivmodsi4.o)
 .text          0x000005be      0x104 c:/winavr/bin/../lib/gcc/avr/4.3.0/../../../../avr/lib/avr4\libc.a(dtostre.o)
                0x000005be                dtostre
 .text          0x000006c2      0x1b0 c:/winavr/bin/../lib/gcc/avr/4.3.0/../../../../avr/lib/avr4\libc.a(ftoa_engine.o)
                0x000006c2                __ftoa_engine
 .text          0x00000872        0xe c:/winavr/bin/../lib/gcc/avr/4.3.0/../../../../avr/lib/avr4\libc.a(strcpy_P.o)
                0x00000872                strcpy_P
 .text          0x00000880       0x3e c:/winavr/bin/../lib/gcc/avr/4.3.0/../../../../avr/lib/avr4\libc.a(itoa.o)
                0x00000880                itoa
 .text          0x000008be       0x20 c:/winavr/bin/../lib/gcc/avr/4.3.0/../../../../avr/lib/avr4\libc.a(strrev.o)
                0x000008be                strrev
 .text          0x000008de        0x0 c:/winavr/bin/../lib/gcc/avr/4.3.0/avr4\libgcc.a(_udivmodhi4.o)
 .text          0x000008de        0x0 c:/winavr/bin/../lib/gcc/avr/4.3.0/avr4\libgcc.a(_prologue.o)
 .text          0x000008de        0x0 c:/winavr/bin/../lib/gcc/avr/4.3.0/avr4\libgcc.a(_epilogue.o)
                0x000008de                . = ALIGN (0x2)
 *(.text.*)
 .text.libgcc   0x000008de       0x3e c:/winavr/bin/../lib/gcc/avr/4.3.0/avr4\libgcc.a(_mulsi3.o)
                0x000008de                __mulsi3
 .text.libgcc   0x0000091c       0x36 c:/winavr/bin/../lib/gcc/avr/4.3.0/avr4\libgcc.a(_divmodsi4.o)
                0x0000091c                __divmodsi4
 .text.libgcc   0x00000952        0x0 c:/winavr/bin/../lib/gcc/avr/4.3.0/avr4\libgcc.a(_exit.o)
 .text.libgcc   0x00000952        0x0 c:/winavr/bin/../lib/gcc/avr/4.3.0/avr4\libgcc.a(_copy_data.o)
 .text.libgcc   0x00000952        0x0 c:/winavr/bin/../lib/gcc/avr/4.3.0/avr4\libgcc.a(_clear_bss.o)
 .text.libgcc   0x00000952       0x44 c:/winavr/bin/../lib/gcc/avr/4.3.0/avr4\libgcc.a(_udivmodsi4.o)
                0x00000952                __udivmodsi4
 .text.libgcc   0x00000996       0x28 c:/winavr/bin/../lib/gcc/avr/4.3.0/avr4\libgcc.a(_udivmodhi4.o)
                0x00000996                __udivmodhi4
 .text.libgcc   0x000009be       0x38 c:/winavr/bin/../lib/gcc/avr/4.3.0/avr4\libgcc.a(_prologue.o)
                0x000009be                __prologue_saves__
 .text.libgcc   0x000009f6       0x36 c:/winavr/bin/../lib/gcc/avr/4.3.0/avr4\libgcc.a(_epilogue.o)
                0x000009f6                __epilogue_restores__
                0x00000a2c                . = ALIGN (0x2)
 *(.fini9)
 .fini9         0x00000a2c        0x0 c:/winavr/bin/../lib/gcc/avr/4.3.0/avr4\libgcc.a(_exit.o)
                0x00000a2c                exit
                0x00000a2c                _exit
 *(.fini9)
 *(.fini8)
 *(.fini8)
 *(.fini7)
 *(.fini7)
 *(.fini6)
 *(.fini6)
 *(.fini5)
 *(.fini5)
 *(.fini4)
 *(.fini4)
 *(.fini3)
 *(.fini3)
 *(.fini2)
 *(.fini2)
 *(.fini1)
 *(.fini1)
 *(.fini0)
 .fini0         0x00000a2c        0x4 c:/winavr/bin/../lib/gcc/avr/4.3.0/avr4\libgcc.a(_exit.o)
 *(.fini0)
                0x00000a30                _etext = .

.data           0x00800060       0x10 load address 0x00000a30
                0x00800060                PROVIDE (__data_start, .)
 *(.data)
 .data          0x00800060        0x0 c:/winavr/bin/../lib/gcc/avr/4.3.0/../../../../avr/lib/avr4/crtm8.o
 .data          0x00800060       0x10 rc5.o
 .data          0x00800070        0x0 c:/winavr/bin/../lib/gcc/avr/4.3.0/avr4\libgcc.a(_mulsi3.o)
 .data          0x00800070        0x0 c:/winavr/bin/../lib/gcc/avr/4.3.0/avr4\libgcc.a(_divmodsi4.o)
 .data          0x00800070        0x0 c:/winavr/bin/../lib/gcc/avr/4.3.0/avr4\libgcc.a(_exit.o)
 .data          0x00800070        0x0 c:/winavr/bin/../lib/gcc/avr/4.3.0/avr4\libgcc.a(_copy_data.o)
 .data          0x00800070        0x0 c:/winavr/bin/../lib/gcc/avr/4.3.0/avr4\libgcc.a(_clear_bss.o)
 .data          0x00800070        0x0 c:/winavr/bin/../lib/gcc/avr/4.3.0/avr4\libgcc.a(_udivmodsi4.o)
 .data          0x00800070        0x0 c:/winavr/bin/../lib/gcc/avr/4.3.0/../../../../avr/lib/avr4\libc.a(dtostre.o)
 .data          0x00800070        0x0 c:/winavr/bin/../lib/gcc/avr/4.3.0/../../../../avr/lib/avr4\libc.a(ftoa_engine.o)
 .data          0x00800070        0x0 c:/winavr/bin/../lib/gcc/avr/4.3.0/../../../../avr/lib/avr4\libc.a(strcpy_P.o)
 .data          0x00800070        0x0 c:/winavr/bin/../lib/gcc/avr/4.3.0/../../../../avr/lib/avr4\libc.a(itoa.o)
 .data          0x00800070        0x0 c:/winavr/bin/../lib/gcc/avr/4.3.0/../../../../avr/lib/avr4\libc.a(strrev.o)
 .data          0x00800070        0x0 c:/winavr/bin/../lib/gcc/avr/4.3.0/avr4\libgcc.a(_udivmodhi4.o)
 .data          0x00800070        0x0 c:/winavr/bin/../lib/gcc/avr/4.3.0/avr4\libgcc.a(_prologue.o)
 .data          0x00800070        0x0 c:/winavr/bin/../lib/gcc/avr/4.3.0/avr4\libgcc.a(_epilogue.o)
 *(.data*)
 *(.rodata)
 *(.rodata*)
 *(.gnu.linkonce.d*)
                0x00800070                . = ALIGN (0x2)
                0x00800070                _edata = .
                0x00800070                PROVIDE (__data_end, .)

.bss            0x00800070        0x1 load address 0x00000a40
                0x00800070                PROVIDE (__bss_start, .)
 *(.bss)
 .bss           0x00800070        0x0 c:/winavr/bin/../lib/gcc/avr/4.3.0/../../../../avr/lib/avr4/crtm8.o
 .bss           0x00800070        0x1 rc5.o
 .bss           0x00800071        0x0 c:/winavr/bin/../lib/gcc/avr/4.3.0/avr4\libgcc.a(_mulsi3.o)
 .bss           0x00800071        0x0 c:/winavr/bin/../lib/gcc/avr/4.3.0/avr4\libgcc.a(_divmodsi4.o)
 .bss           0x00800071        0x0 c:/winavr/bin/../lib/gcc/avr/4.3.0/avr4\libgcc.a(_exit.o)
 .bss           0x00800071        0x0 c:/winavr/bin/../lib/gcc/avr/4.3.0/avr4\libgcc.a(_copy_data.o)
 .bss           0x00800071        0x0 c:/winavr/bin/../lib/gcc/avr/4.3.0/avr4\libgcc.a(_clear_bss.o)
 .bss           0x00800071        0x0 c:/winavr/bin/../lib/gcc/avr/4.3.0/avr4\libgcc.a(_udivmodsi4.o)
 .bss           0x00800071        0x0 c:/winavr/bin/../lib/gcc/avr/4.3.0/../../../../avr/lib/avr4\libc.a(dtostre.o)
 .bss           0x00800071        0x0 c:/winavr/bin/../lib/gcc/avr/4.3.0/../../../../avr/lib/avr4\libc.a(ftoa_engine.o)
 .bss           0x00800071        0x0 c:/winavr/bin/../lib/gcc/avr/4.3.0/../../../../avr/lib/avr4\libc.a(strcpy_P.o)
 .bss           0x00800071        0x0 c:/winavr/bin/../lib/gcc/avr/4.3.0/../../../../avr/lib/avr4\libc.a(itoa.o)
 .bss           0x00800071        0x0 c:/winavr/bin/../lib/gcc/avr/4.3.0/../../../../avr/lib/avr4\libc.a(strrev.o)
 .bss           0x00800071        0x0 c:/winavr/bin/../lib/gcc/avr/4.3.0/avr4\libgcc.a(_udivmodhi4.o)
 .bss           0x00800071        0x0 c:/winavr/bin/../lib/gcc/avr/4.3.0/avr4\libgcc.a(_prologue.o)
 .bss           0x00800071        0x0 c:/winavr/bin/../lib/gcc/avr/4.3.0/avr4\libgcc.a(_epilogue.o)
 *(.bss*)
 *(COMMON)
                0x00800071                PROVIDE (__bss_end, .)
                0x00000a30                __data_load_start = LOADADDR (.data)
                0x00000a40                __data_load_end = (__data_load_start + SIZEOF (.data))

.noinit         0x00800071        0x0
                0x00800071                PROVIDE (__noinit_start, .)
 *(.noinit*)
                0x00800071                PROVIDE (__noinit_end, .)
                0x00800071                _end = .
                0x00800071                PROVIDE (__heap_start, .)

.eeprom         0x00810000        0x0
 *(.eeprom*)
                0x00810000                __eeprom_end = .

.fuse
 *(.fuse)
 *(.lfuse)
 *(.hfuse)
 *(.efuse)

.lock
 *(.lock*)

.signature
 *(.signature*)

.stab
 *(.stab)

.stabstr
 *(.stabstr)

.stab.excl
 *(.stab.excl)

.stab.exclstr
 *(.stab.exclstr)

.stab.index
 *(.stab.index)

.stab.indexstr
 *(.stab.indexstr)

.comment
 *(.comment)

.debug
 *(.debug)

.line
 *(.line)

.debug_srcinfo
 *(.debug_srcinfo)

.debug_sfnames
 *(.debug_sfnames)

.debug_aranges
 *(.debug_aranges)

.debug_pubnames
 *(.debug_pubnames)

.debug_info
 *(.debug_info)
 *(.gnu.linkonce.wi.*)

.debug_abbrev
 *(.debug_abbrev)

.debug_line
 *(.debug_line)

.debug_frame
 *(.debug_frame)

.debug_str
 *(.debug_str)

.debug_loc
 *(.debug_loc)

.debug_macinfo
 *(.debug_macinfo)
OUTPUT(rc5.out elf32-avr)
LOAD linker stubs
