Archive member included because of file (symbol)

c:/winavr/bin/../lib/gcc/avr/4.3.0/avr5\libgcc.a(_mulsi3.o)
                              morse.o (__mulsi3)
c:/winavr/bin/../lib/gcc/avr/4.3.0/avr5\libgcc.a(_divmodsi4.o)
                              morse.o (__divmodsi4)
c:/winavr/bin/../lib/gcc/avr/4.3.0/avr5\libgcc.a(_exit.o)
                              c:/winavr/bin/../lib/gcc/avr/4.3.0/../../../../avr/lib/avr5/crtm32.o (exit)
c:/winavr/bin/../lib/gcc/avr/4.3.0/avr5\libgcc.a(_copy_data.o)
                              morse.o (__do_copy_data)
c:/winavr/bin/../lib/gcc/avr/4.3.0/avr5\libgcc.a(_clear_bss.o)
                              morse.o (__do_clear_bss)
c:/winavr/bin/../lib/gcc/avr/4.3.0/avr5\libgcc.a(_udivmodsi4.o)
                              c:/winavr/bin/../lib/gcc/avr/4.3.0/avr5\libgcc.a(_divmodsi4.o) (__udivmodsi4)
c:/winavr/bin/../lib/gcc/avr/4.3.0/../../../../avr/lib/avr5\libc.a(dtostre.o)
                              morse.o (dtostre)
c:/winavr/bin/../lib/gcc/avr/4.3.0/../../../../avr/lib/avr5\libc.a(ftoa_engine.o)
                              c:/winavr/bin/../lib/gcc/avr/4.3.0/../../../../avr/lib/avr5\libc.a(dtostre.o) (__ftoa_engine)
c:/winavr/bin/../lib/gcc/avr/4.3.0/../../../../avr/lib/avr5\libc.a(strcpy_P.o)
                              c:/winavr/bin/../lib/gcc/avr/4.3.0/../../../../avr/lib/avr5\libc.a(dtostre.o) (strcpy_P)
c:/winavr/bin/../lib/gcc/avr/4.3.0/../../../../avr/lib/avr5\libc.a(itoa.o)
                              morse.o (itoa)
c:/winavr/bin/../lib/gcc/avr/4.3.0/../../../../avr/lib/avr5\libc.a(strrev.o)
                              c:/winavr/bin/../lib/gcc/avr/4.3.0/../../../../avr/lib/avr5\libc.a(itoa.o) (strrev)
c:/winavr/bin/../lib/gcc/avr/4.3.0/avr5\libgcc.a(_udivmodhi4.o)
                              c:/winavr/bin/../lib/gcc/avr/4.3.0/../../../../avr/lib/avr5\libc.a(itoa.o) (__udivmodhi4)
c:/winavr/bin/../lib/gcc/avr/4.3.0/avr5\libgcc.a(_prologue.o)
                              c:/winavr/bin/../lib/gcc/avr/4.3.0/../../../../avr/lib/avr5\libc.a(dtostre.o) (__prologue_saves__)
c:/winavr/bin/../lib/gcc/avr/4.3.0/avr5\libgcc.a(_epilogue.o)
                              c:/winavr/bin/../lib/gcc/avr/4.3.0/../../../../avr/lib/avr5\libc.a(dtostre.o) (__epilogue_restores__)

Allocating common symbols
Common symbol       size              file

timed               0x2               morse.o
mditdat             0x2               morse.o
kbdata              0x3c              morse.o
rep                 0x2               morse.o
text                0x2               morse.o
morsedat            0x3c              morse.o
c                   0x2               morse.o
addr                0x2               morse.o
d                   0x2               morse.o
letts               0x2               morse.o

Memory Configuration

Name             Origin             Length             Attributes
text             0x00000000         0x00020000         xr
data             0x00800060         0x0000ffa0         rw !x
eeprom           0x00810000         0x00010000         rw !x
fuse             0x00820000         0x00000400         rw !x
lock             0x00830000         0x00000400         rw !x
signature        0x00840000         0x00000400         rw !x
*default*        0x00000000         0xffffffff

Linker script and memory map

LOAD c:/winavr/bin/../lib/gcc/avr/4.3.0/../../../../avr/lib/avr5/crtm32.o
LOAD morse.o
LOAD c:/winavr/bin/../lib/gcc/avr/4.3.0/avr5\libgcc.a
LOAD c:/winavr/bin/../lib/gcc/avr/4.3.0/../../../../avr/lib/avr5\libc.a
LOAD c:/winavr/bin/../lib/gcc/avr/4.3.0/avr5\libgcc.a

.hash
 *(.hash)

.dynsym
 *(.dynsym)

.dynstr
 *(.dynstr)

.gnu.version
 *(.gnu.version)

.gnu.version_d
 *(.gnu.version_d)

.gnu.version_r
 *(.gnu.version_r)

.rel.init
 *(.rel.init)

.rela.init
 *(.rela.init)

.rel.text
 *(.rel.text)
 *(.rel.text.*)
 *(.rel.gnu.linkonce.t*)

.rela.text
 *(.rela.text)
 *(.rela.text.*)
 *(.rela.gnu.linkonce.t*)

.rel.fini
 *(.rel.fini)

.rela.fini
 *(.rela.fini)

.rel.rodata
 *(.rel.rodata)
 *(.rel.rodata.*)
 *(.rel.gnu.linkonce.r*)

.rela.rodata
 *(.rela.rodata)
 *(.rela.rodata.*)
 *(.rela.gnu.linkonce.r*)

.rel.data
 *(.rel.data)
 *(.rel.data.*)
 *(.rel.gnu.linkonce.d*)

.rela.data
 *(.rela.data)
 *(.rela.data.*)
 *(.rela.gnu.linkonce.d*)

.rel.ctors
 *(.rel.ctors)

.rela.ctors
 *(.rela.ctors)

.rel.dtors
 *(.rel.dtors)

.rela.dtors
 *(.rela.dtors)

.rel.got
 *(.rel.got)

.rela.got
 *(.rela.got)

.rel.bss
 *(.rel.bss)

.rela.bss
 *(.rela.bss)

.rel.plt
 *(.rel.plt)

.rela.plt
 *(.rela.plt)

.text           0x00000000      0xd0c
 *(.vectors)
 .vectors       0x00000000       0x54 c:/winavr/bin/../lib/gcc/avr/4.3.0/../../../../avr/lib/avr5/crtm32.o
                0x00000000                __vectors
                0x00000000                __vector_default
 *(.vectors)
 *(.progmem.gcc*)
 *(.progmem*)
 .progmem.data  0x00000054       0x10 c:/winavr/bin/../lib/gcc/avr/4.3.0/../../../../avr/lib/avr5\libc.a(dtostre.o)
 .progmem.data  0x00000064       0xfa c:/winavr/bin/../lib/gcc/avr/4.3.0/../../../../avr/lib/avr5\libc.a(ftoa_engine.o)
                0x0000015e                . = ALIGN (0x2)
                0x0000015e                __trampolines_start = .
 *(.trampolines)
 .trampolines   0x0000015e        0x0 linker stubs
 *(.trampolines*)
                0x0000015e                __trampolines_end = .
 *(.jumptables)
 *(.jumptables*)
 *(.lowtext)
 *(.lowtext*)
                0x0000015e                __ctors_start = .
 *(.ctors)
                0x0000015e                __ctors_end = .
                0x0000015e                __dtors_start = .
 *(.dtors)
                0x0000015e                __dtors_end = .
 SORT(*)(.ctors)
 SORT(*)(.dtors)
 *(.init0)
 .init0         0x0000015e        0x0 c:/winavr/bin/../lib/gcc/avr/4.3.0/../../../../avr/lib/avr5/crtm32.o
                0x0000015e                __init
 *(.init0)
 *(.init1)
 *(.init1)
 *(.init2)
 .init2         0x0000015e        0xc c:/winavr/bin/../lib/gcc/avr/4.3.0/../../../../avr/lib/avr5/crtm32.o
 *(.init2)
 *(.init3)
 *(.init3)
 *(.init4)
 .init4         0x0000016a       0x16 c:/winavr/bin/../lib/gcc/avr/4.3.0/avr5\libgcc.a(_copy_data.o)
                0x0000016a                __do_copy_data
 .init4         0x00000180       0x10 c:/winavr/bin/../lib/gcc/avr/4.3.0/avr5\libgcc.a(_clear_bss.o)
                0x00000180                __do_clear_bss
 *(.init4)
 *(.init5)
 *(.init5)
 *(.init6)
 *(.init6)
 *(.init7)
 *(.init7)
 *(.init8)
 *(.init8)
 *(.init9)
 .init9         0x00000190        0x8 c:/winavr/bin/../lib/gcc/avr/4.3.0/../../../../avr/lib/avr5/crtm32.o
 *(.init9)
 *(.text)
 .text          0x00000198        0x4 c:/winavr/bin/../lib/gcc/avr/4.3.0/../../../../avr/lib/avr5/crtm32.o
                0x00000198                __vector_1
                0x00000198                __vector_12
                0x00000198                __bad_interrupt
                0x00000198                __vector_6
                0x00000198                __vector_3
                0x00000198                __vector_11
                0x00000198                __vector_13
                0x00000198                __vector_17
                0x00000198                __vector_19
                0x00000198                __vector_7
                0x00000198                __vector_5
                0x00000198                __vector_4
                0x00000198                __vector_9
                0x00000198                __vector_2
                0x00000198                __vector_15
                0x00000198                __vector_8
                0x00000198                __vector_14
                0x00000198                __vector_10
                0x00000198                __vector_16
                0x00000198                __vector_18
                0x00000198                __vector_20
 .text          0x0000019c      0x6f2 morse.o
                0x000001ee                datout
                0x0000019c                delayms
                0x00000832                SendInt
                0x000004dc                CustChar
                0x00000512                getdata
                0x000007d0                SendFloat
                0x000005fe                gettimed
                0x000003f6                InitLCD
                0x0000054e                tomcodes
                0x00000604                main
                0x00000484                SendLong
                0x000003ec                SendCommand
                0x000001b0                ditout
                0x00000268                wordspc
                0x0000044c                SendString
                0x0000029e                sprintl
                0x000005f8                kbgetchar
                0x00000236                charspc
 .text          0x0000088e        0x0 c:/winavr/bin/../lib/gcc/avr/4.3.0/avr5\libgcc.a(_mulsi3.o)
 .text          0x0000088e        0x0 c:/winavr/bin/../lib/gcc/avr/4.3.0/avr5\libgcc.a(_divmodsi4.o)
 .text          0x0000088e        0x0 c:/winavr/bin/../lib/gcc/avr/4.3.0/avr5\libgcc.a(_exit.o)
 .text          0x0000088e        0x0 c:/winavr/bin/../lib/gcc/avr/4.3.0/avr5\libgcc.a(_copy_data.o)
 .text          0x0000088e        0x0 c:/winavr/bin/../lib/gcc/avr/4.3.0/avr5\libgcc.a(_clear_bss.o)
 .text          0x0000088e        0x0 c:/winavr/bin/../lib/gcc/avr/4.3.0/avr5\libgcc.a(_udivmodsi4.o)
 .text          0x0000088e      0x10c c:/winavr/bin/../lib/gcc/avr/4.3.0/../../../../avr/lib/avr5\libc.a(dtostre.o)
                0x0000088e                dtostre
 .text          0x0000099a      0x1b0 c:/winavr/bin/../lib/gcc/avr/4.3.0/../../../../avr/lib/avr5\libc.a(ftoa_engine.o)
                0x0000099a                __ftoa_engine
 .text          0x00000b4a        0xe c:/winavr/bin/../lib/gcc/avr/4.3.0/../../../../avr/lib/avr5\libc.a(strcpy_P.o)
                0x00000b4a                strcpy_P
 .text          0x00000b58       0x42 c:/winavr/bin/../lib/gcc/avr/4.3.0/../../../../avr/lib/avr5\libc.a(itoa.o)
                0x00000b58                itoa
 .text          0x00000b9a       0x20 c:/winavr/bin/../lib/gcc/avr/4.3.0/../../../../avr/lib/avr5\libc.a(strrev.o)
                0x00000b9a                strrev
 .text          0x00000bba        0x0 c:/winavr/bin/../lib/gcc/avr/4.3.0/avr5\libgcc.a(_udivmodhi4.o)
 .text          0x00000bba        0x0 c:/winavr/bin/../lib/gcc/avr/4.3.0/avr5\libgcc.a(_prologue.o)
 .text          0x00000bba        0x0 c:/winavr/bin/../lib/gcc/avr/4.3.0/avr5\libgcc.a(_epilogue.o)
                0x00000bba                . = ALIGN (0x2)
 *(.text.*)
 .text.libgcc   0x00000bba       0x3e c:/winavr/bin/../lib/gcc/avr/4.3.0/avr5\libgcc.a(_mulsi3.o)
                0x00000bba                __mulsi3
 .text.libgcc   0x00000bf8       0x36 c:/winavr/bin/../lib/gcc/avr/4.3.0/avr5\libgcc.a(_divmodsi4.o)
                0x00000bf8                __divmodsi4
 .text.libgcc   0x00000c2e        0x0 c:/winavr/bin/../lib/gcc/avr/4.3.0/avr5\libgcc.a(_exit.o)
 .text.libgcc   0x00000c2e        0x0 c:/winavr/bin/../lib/gcc/avr/4.3.0/avr5\libgcc.a(_copy_data.o)
 .text.libgcc   0x00000c2e        0x0 c:/winavr/bin/../lib/gcc/avr/4.3.0/avr5\libgcc.a(_clear_bss.o)
 .text.libgcc   0x00000c2e       0x44 c:/winavr/bin/../lib/gcc/avr/4.3.0/avr5\libgcc.a(_udivmodsi4.o)
                0x00000c2e                __udivmodsi4
 .text.libgcc   0x00000c72       0x28 c:/winavr/bin/../lib/gcc/avr/4.3.0/avr5\libgcc.a(_udivmodhi4.o)
                0x00000c72                __udivmodhi4
 .text.libgcc   0x00000c9a       0x38 c:/winavr/bin/../lib/gcc/avr/4.3.0/avr5\libgcc.a(_prologue.o)
                0x00000c9a                __prologue_saves__
 .text.libgcc   0x00000cd2       0x36 c:/winavr/bin/../lib/gcc/avr/4.3.0/avr5\libgcc.a(_epilogue.o)
                0x00000cd2                __epilogue_restores__
                0x00000d08                . = ALIGN (0x2)
 *(.fini9)
 .fini9         0x00000d08        0x0 c:/winavr/bin/../lib/gcc/avr/4.3.0/avr5\libgcc.a(_exit.o)
                0x00000d08                exit
                0x00000d08                _exit
 *(.fini9)
 *(.fini8)
 *(.fini8)
 *(.fini7)
 *(.fini7)
 *(.fini6)
 *(.fini6)
 *(.fini5)
 *(.fini5)
 *(.fini4)
 *(.fini4)
 *(.fini3)
 *(.fini3)
 *(.fini2)
 *(.fini2)
 *(.fini1)
 *(.fini1)
 *(.fini0)
 .fini0         0x00000d08        0x4 c:/winavr/bin/../lib/gcc/avr/4.3.0/avr5\libgcc.a(_exit.o)
 *(.fini0)
                0x00000d0c                _etext = .

.data           0x00800060      0x100 load address 0x00000d0c
                0x00800060                PROVIDE (__data_start, .)
 *(.data)
 .data          0x00800060        0x0 c:/winavr/bin/../lib/gcc/avr/4.3.0/../../../../avr/lib/avr5/crtm32.o
 .data          0x00800060      0x100 morse.o
                0x00800071                proc
                0x0080008f                readyb
                0x00800080                readya
                0x00800060                ready
 .data          0x00800160        0x0 c:/winavr/bin/../lib/gcc/avr/4.3.0/avr5\libgcc.a(_mulsi3.o)
 .data          0x00800160        0x0 c:/winavr/bin/../lib/gcc/avr/4.3.0/avr5\libgcc.a(_divmodsi4.o)
 .data          0x00800160        0x0 c:/winavr/bin/../lib/gcc/avr/4.3.0/avr5\libgcc.a(_exit.o)
 .data          0x00800160        0x0 c:/winavr/bin/../lib/gcc/avr/4.3.0/avr5\libgcc.a(_copy_data.o)
 .data          0x00800160        0x0 c:/winavr/bin/../lib/gcc/avr/4.3.0/avr5\libgcc.a(_clear_bss.o)
 .data          0x00800160        0x0 c:/winavr/bin/../lib/gcc/avr/4.3.0/avr5\libgcc.a(_udivmodsi4.o)
 .data          0x00800160        0x0 c:/winavr/bin/../lib/gcc/avr/4.3.0/../../../../avr/lib/avr5\libc.a(dtostre.o)
 .data          0x00800160        0x0 c:/winavr/bin/../lib/gcc/avr/4.3.0/../../../../avr/lib/avr5\libc.a(ftoa_engine.o)
 .data          0x00800160        0x0 c:/winavr/bin/../lib/gcc/avr/4.3.0/../../../../avr/lib/avr5\libc.a(strcpy_P.o)
 .data          0x00800160        0x0 c:/winavr/bin/../lib/gcc/avr/4.3.0/../../../../avr/lib/avr5\libc.a(itoa.o)
 .data          0x00800160        0x0 c:/winavr/bin/../lib/gcc/avr/4.3.0/../../../../avr/lib/avr5\libc.a(strrev.o)
 .data          0x00800160        0x0 c:/winavr/bin/../lib/gcc/avr/4.3.0/avr5\libgcc.a(_udivmodhi4.o)
 .data          0x00800160        0x0 c:/winavr/bin/../lib/gcc/avr/4.3.0/avr5\libgcc.a(_prologue.o)
 .data          0x00800160        0x0 c:/winavr/bin/../lib/gcc/avr/4.3.0/avr5\libgcc.a(_epilogue.o)
 *(.data*)
 *(.rodata)
 *(.rodata*)
 *(.gnu.linkonce.d*)
                0x00800160                . = ALIGN (0x2)
                0x00800160                _edata = .
                0x00800160                PROVIDE (__data_end, .)

.bss            0x00800160       0x8b load address 0x00000e0c
                0x00800160                PROVIDE (__bss_start, .)
 *(.bss)
 .bss           0x00800160        0x0 c:/winavr/bin/../lib/gcc/avr/4.3.0/../../../../avr/lib/avr5/crtm32.o
 .bss           0x00800160        0x3 morse.o
                0x00800160                count
 .bss           0x00800163        0x0 c:/winavr/bin/../lib/gcc/avr/4.3.0/avr5\libgcc.a(_mulsi3.o)
 .bss           0x00800163        0x0 c:/winavr/bin/../lib/gcc/avr/4.3.0/avr5\libgcc.a(_divmodsi4.o)
 .bss           0x00800163        0x0 c:/winavr/bin/../lib/gcc/avr/4.3.0/avr5\libgcc.a(_exit.o)
 .bss           0x00800163        0x0 c:/winavr/bin/../lib/gcc/avr/4.3.0/avr5\libgcc.a(_copy_data.o)
 .bss           0x00800163        0x0 c:/winavr/bin/../lib/gcc/avr/4.3.0/avr5\libgcc.a(_clear_bss.o)
 .bss           0x00800163        0x0 c:/winavr/bin/../lib/gcc/avr/4.3.0/avr5\libgcc.a(_udivmodsi4.o)
 .bss           0x00800163        0x0 c:/winavr/bin/../lib/gcc/avr/4.3.0/../../../../avr/lib/avr5\libc.a(dtostre.o)
 .bss           0x00800163        0x0 c:/winavr/bin/../lib/gcc/avr/4.3.0/../../../../avr/lib/avr5\libc.a(ftoa_engine.o)
 .bss           0x00800163        0x0 c:/winavr/bin/../lib/gcc/avr/4.3.0/../../../../avr/lib/avr5\libc.a(strcpy_P.o)
 .bss           0x00800163        0x0 c:/winavr/bin/../lib/gcc/avr/4.3.0/../../../../avr/lib/avr5\libc.a(itoa.o)
 .bss           0x00800163        0x0 c:/winavr/bin/../lib/gcc/avr/4.3.0/../../../../avr/lib/avr5\libc.a(strrev.o)
 .bss           0x00800163        0x0 c:/winavr/bin/../lib/gcc/avr/4.3.0/avr5\libgcc.a(_udivmodhi4.o)
 .bss           0x00800163        0x0 c:/winavr/bin/../lib/gcc/avr/4.3.0/avr5\libgcc.a(_prologue.o)
 .bss           0x00800163        0x0 c:/winavr/bin/../lib/gcc/avr/4.3.0/avr5\libgcc.a(_epilogue.o)
 *(.bss*)
 *(COMMON)
 COMMON         0x00800163       0x88 morse.o
                0x00800163                timed
                0x00800165                mditdat
                0x00800167                kbdata
                0x008001a3                rep
                0x008001a5                text
                0x008001a7                morsedat
                0x008001e3                c
                0x008001e5                addr
                0x008001e7                d
                0x008001e9                letts
                0x008001eb                PROVIDE (__bss_end, .)
                0x00000d0c                __data_load_start = LOADADDR (.data)
                0x00000e0c                __data_load_end = (__data_load_start + SIZEOF (.data))

.noinit         0x008001eb        0x0
                0x008001eb                PROVIDE (__noinit_start, .)
 *(.noinit*)
                0x008001eb                PROVIDE (__noinit_end, .)
                0x008001eb                _end = .
                0x008001eb                PROVIDE (__heap_start, .)

.eeprom         0x00810000        0x0
 *(.eeprom*)
                0x00810000                __eeprom_end = .

.fuse
 *(.fuse)
 *(.lfuse)
 *(.hfuse)
 *(.efuse)

.lock
 *(.lock*)

.signature
 *(.signature*)

.stab
 *(.stab)

.stabstr
 *(.stabstr)

.stab.excl
 *(.stab.excl)

.stab.exclstr
 *(.stab.exclstr)

.stab.index
 *(.stab.index)

.stab.indexstr
 *(.stab.indexstr)

.comment
 *(.comment)

.debug
 *(.debug)

.line
 *(.line)

.debug_srcinfo
 *(.debug_srcinfo)

.debug_sfnames
 *(.debug_sfnames)

.debug_aranges
 *(.debug_aranges)

.debug_pubnames
 *(.debug_pubnames)

.debug_info
 *(.debug_info)
 *(.gnu.linkonce.wi.*)

.debug_abbrev
 *(.debug_abbrev)

.debug_line
 *(.debug_line)

.debug_frame
 *(.debug_frame)

.debug_str
 *(.debug_str)

.debug_loc
 *(.debug_loc)

.debug_macinfo
 *(.debug_macinfo)
OUTPUT(morse.out elf32-avr)
LOAD linker stubs
